    Finished `dev` profile [unoptimized + debuginfo] target(s) in 0.01s
     Running `target/debug/stable_mir_json -Zno-codegen /home/zncv/Applications/mir-semantics-compiletest/ui/array-slice-vec/box-of-array-of-drop-2.rs`

thread 'rustc' has overflowed its stack
fatal runtime error: stack overflow
Aborted (core dumped)
