    Finished `dev` profile [unoptimized + debuginfo] target(s) in 0.02s
     Running `target/debug/stable_mir_json -Zno-codegen /home/zncv/Applications/mir-semantics-compiletest/ui/dyn-star/box.rs`
thread 'rustc' panicked at src/printer.rs:508:13:
Added inconsistent entries into link map! (Ty { id: 21, kind: RigidTy(FnDef(FnDef(DefId { id: 7, name: "std::fmt::Display::fmt" }), GenericArgs([Type(Ty { id: 23, kind: RigidTy(Dynamic([Binder { value: Trait(ExistentialTraitRef { def_id: TraitDef(DefId { id: 68, name: "std::fmt::Display" }), generic_args: GenericArgs([]) }), bound_vars: [] }], Region { kind: ReErased }, DynStar)) })]))) }, Some((FnDef(DefId { id: 7, name: "std::fmt::Display::fmt" }), GenericArgs([Type(Ty { id: 23, kind: RigidTy(Dynamic([Binder { value: Trait(ExistentialTraitRef { def_id: TraitDef(DefId { id: 68, name: "std::fmt::Display" }), generic_args: GenericArgs([]) }), bound_vars: [] }], Region { kind: ReErased }, DynStar)) })]))), ReifyShim(DefId(2:11178 ~ core[478e]::fmt::Display::fmt), None)) -> NormalSym("_ZN4core3fmt7Display3fmt17h88a64f7f9b687d30E"), NormalSym("_ZN4core3fmt7Display33fmt$u7b$$u7b$reify.shim$u7d$$u7d$17hd8136faaf14b1dd0E")
note: run with `RUST_BACKTRACE=1` environment variable to display a backtrace
