    Finished `dev` profile [unoptimized + debuginfo] target(s) in 0.00s
     Running `target/debug/stable_mir_json -Zno-codegen /home/zncv/Applications/mir-semantics-compiletest/ui/extern/issue-64655-extern-rust-must-allow-unwind.rs`

thread 'rustc' has overflowed its stack
fatal runtime error: stack overflow
Aborted (core dumped)
