    Blocking waiting for file lock on package cache
    Blocking waiting for file lock on package cache
    Blocking waiting for file lock on package cache
    Finished `dev` profile [unoptimized + debuginfo] target(s) in 0.09s
     Running `target/debug/stable_mir_json -Zno-codegen /home/zncv/Applications/mir-semantics-compiletest/ui/associated-type-bounds/struct-bounds.rs`
warning: the feature `associated_type_bounds` has been stable since 1.79.0 and no longer requires an attribute to enable
 --> /home/zncv/Applications/mir-semantics-compiletest/ui/associated-type-bounds/struct-bounds.rs:4:12
  |
4 | #![feature(associated_type_bounds)]
  |            ^^^^^^^^^^^^^^^^^^^^^^
  |
  = note: `#[warn(stable_features)]` on by default

thread 'rustc' panicked at src/printer.rs:548:13:
not yet implemented: Unimplemented RigidTy allocation: Tuple([Ty { id: 33, kind: RigidTy(Ref(Region { kind: ReErased }, Ty { id: 112, kind: RigidTy(Str) }, Not)) }, Ty { id: 48, kind: RigidTy(Bool) }, Ty { id: 9, kind: RigidTy(Uint(U8)) }])
note: run with `RUST_BACKTRACE=1` environment variable to display a backtrace
warning: 1 warning emitted

