    Blocking waiting for file lock on package cache
    Finished `dev` profile [unoptimized + debuginfo] target(s) in 0.02s
     Running `target/debug/stable_mir_json -Zno-codegen /home/zncv/Applications/mir-semantics-compiletest/ui/traits/typeclasses-eq-example.rs`

thread 'rustc' has overflowed its stack
fatal runtime error: stack overflow
Aborted (core dumped)
